C51 COMPILER V7.05   MAIN                                                                  11/19/2012 18:03:55 PAGE 1   


C51 COMPILER V7.05, COMPILATION OF MODULE MAIN
OBJECT MODULE PLACED IN main.OBJ
COMPILER INVOKED BY: C:\SiLabs\MCU\IDEfiles\C51\BIN\C51.exe main.c DB OE BR

stmt level    source

   1          #include <c8051f120.h>           // Get SFR declarations
   2          #include "types.h"
   3          #include "spi.h"
   4          #include "lcd.h"
   5          #include "sd.h"
   6          #include "dac.h"
   7          #include "readdir.h"
   8          
   9          //#pragma code                        // Include ASM in .LST file
  10          void kbinit ( void );
  11          uint8_t kbcheck ( void );
  12          void dacinit ( void );
  13          
  14          int main(void){
  15   1          SD_data xdata dat;
  16   1      
  17   1          //init procedures
  18   1          SFRPAGE = 0x0F;
  19   1          WDTCN = 0xDE;                   // Disable watchdog timer
  20   1          WDTCN = 0xAD;
  21   1          OSCICN = 0xC2;
  22   1          XBR2 |= 0x40;                   // Enable crossbar and weak pull-up
  23   1          EA = 1;                         // Enable all interrupts
  24   1          spi_set_divisor(0);
  25   1          spiinit();
  26   1          lcdinit();
  27   1          kbinit();
  28   1          dacinit();
  29   1          dac2init();
  30   1          dacrate(11025);
  31   1          dacstereo(0);                   // Set number of channels to mono
  32   1      
  33   1      /*
  34   1              while(1) {
  35   1                      uint8_t temp[1];
  36   1                      PCON |= 1;
  37   1                      temp[0] = kbcheck();
  38   1                      if (temp[0] == 13) {
  39   1                              lcdclear();
  40   1                  lcdpos(0,0);
  41   1                      }
  42   1                      else if (temp[0] == 8) {
  43   1                              _lcdcmd(0x10);
  44   1                              lcdwrite(" ");
  45   1                              _lcdcmd(0x10);
  46   1                      }
  47   1                      else if (temp[0] != 255)
  48   1                              lcdwrite(temp);
  49   1              }
  50   1      */
  51   1      
  52   1          while(1){
  53   2              while(!spicardpresent());   // Wait until card is detected
  54   2              if(!microSDinit()){         // If initialization fails, print error.
  55   3                  lcdclear();
C51 COMPILER V7.05   MAIN                                                                  11/19/2012 18:03:55 PAGE 2   

  56   3                  lcdpos(0,0);
  57   3                  lcdwrite("ERROR: microSD");
  58   3                  lcdpos(1,0);
  59   3                  lcdwrite("failure.");
  60   3              } else {
  61   3                  spi_set_divisor(1);     // Set to max speed after initialisation
  62   3              
  63   3                              readdir();
  64   3                              lcdwrite("do");
  65   3      
  66   3                  microSDread(0x112358, (uint8_t *) &dat);
  67   3                  lcdclear();
  68   3                  lcdpos(0,0);
  69   3                  lcdwrite(dat.string);
  70   3                  while(spicardpresent()){
  71   4                      PCON |= 1;
  72   4                      if(!dacbusy()){
  73   5                          dacplay(dat.len, dat.wavedata); //output to DAC
  74   5                      }
  75   4                  }
  76   3              }
  77   2          }
  78   1          return 0;
  79   1      }


MODULE INFORMATION:   STATIC OVERLAYABLE
   CODE SIZE        =    181    ----
   CONSTANT SIZE    =     27    ----
   XDATA SIZE       =   ----     530
   PDATA SIZE       =   ----    ----
   DATA SIZE        =   ----    ----
   IDATA SIZE       =   ----    ----
   BIT SIZE         =   ----    ----
END OF MODULE INFORMATION.


C51 COMPILATION COMPLETE.  0 WARNING(S),  0 ERROR(S)
