C51 COMPILER V7.05   SPI_TEST                                                              11/19/2012 17:16:00 PAGE 1   


C51 COMPILER V7.05, COMPILATION OF MODULE SPI_TEST
OBJECT MODULE PLACED IN spi_test.OBJ
COMPILER INVOKED BY: C:\SiLabs\MCU\IDEfiles\C51\BIN\C51.exe spi_test.c DB OE BR

stmt level    source

   1          #include <c8051f120.h>           // Get SFR declarations
   2          #include "types.h"
   3          #include "spi.h"
   4          #include "lcd.h"
   5          #include "sd.h"
   6          #include "dac.h"
   7          
   8          //#pragma code                        // Include ASM in .LST file
   9          void kbinit ( void );
  10          uint8_t kbcheck ( void );
  11          void dacinit ( void );
  12          
  13          int main(void){
  14   1          SD_data xdata dat;
  15   1      
  16   1          //init procedures
  17   1          SFRPAGE = 0x0F;
  18   1          WDTCN = 0xDE;                   // Disable watchdog timer
  19   1          WDTCN = 0xAD;
  20   1          OSCICN = 0xC2;
  21   1          XBR2 |= 0x40;                   // Enable crossbar and weak pull-up
  22   1          EA = 1;                         // Enable all interrupts
  23   1          spi_set_divisor(0);
  24   1          spiinit();
  25   1          lcdinit();
  26   1          kbinit();
  27   1          dacinit();
  28   1          dac2init();
  29   1          dacrate(11025);
  30   1          dacstereo(0);                   // Set number of channels to mono
  31   1      
  32   1              while(1) {
  33   2                      uint8_t temp[1];
  34   2                      PCON |= 1;
  35   2                      temp[0] = kbcheck();
  36   2                      if (temp[0] == 13) {
  37   3                              lcdclear();
  38   3                  lcdpos(0,0);
  39   3                      }
  40   2                      else if (temp[0] == 8) {
  41   3                              _lcdcmd(0x10);
  42   3                              lcdwrite(" ");
  43   3                              _lcdcmd(0x10);
  44   3                      }
  45   2                      else if (temp[0] != 255)
  46   2                              lcdwrite(temp);
  47   2              }
  48   1      
  49   1          while(1){
  50   2              while(!spicardpresent());   // Wait until card is detected
  51   2              if(!microSDinit()){         // If initialization fails, print error.
  52   3                  lcdclear();
  53   3                  lcdpos(0,0);
  54   3                  lcdwrite("ERROR: microSD");
  55   3                  lcdpos(1,0);
C51 COMPILER V7.05   SPI_TEST                                                              11/19/2012 17:16:00 PAGE 2   

  56   3                  lcdwrite("failure.");
  57   3              } else {
  58   3                  spi_set_divisor(1);     // Set to max speed after initialisation
  59   3                  microSDread(0x112358, (uint8_t *) &dat);
  60   3                  lcdclear();
  61   3                  lcdpos(0,0);
  62   3                  lcdwrite(dat.string);
  63   3                  while(spicardpresent()){
  64   4                      PCON |= 1;
  65   4                      if(!dacbusy()){
  66   5                          dacplay(dat.len, dat.wavedata); //output to DAC
  67   5                      }
  68   4                  }
  69   3              }
  70   2          }
  71   1          return 0;
  72   1      }


MODULE INFORMATION:   STATIC OVERLAYABLE
   CODE SIZE        =    115    ----
   CONSTANT SIZE    =     26    ----
   XDATA SIZE       =   ----     530
   PDATA SIZE       =   ----    ----
   DATA SIZE        =   ----       1
   IDATA SIZE       =   ----    ----
   BIT SIZE         =   ----    ----
END OF MODULE INFORMATION.


C51 COMPILATION COMPLETE.  0 WARNING(S),  0 ERROR(S)
