C51 COMPILER V7.05   DACC                                                                  12/01/2012 02:55:08 PAGE 1   


C51 COMPILER V7.05, COMPILATION OF MODULE DACC
OBJECT MODULE PLACED IN dacC.OBJ
COMPILER INVOKED BY: C:\SiLabs\MCU\IDEfiles\C51\BIN\C51.exe dacC.c DB OE BR

stmt level    source

   1          /* ###
   2          ### bufptr type declared wrong
   3          ### TF2 not cleared
   4          ### glitch when bytesleft=0
   5          ### output could be scaled better
   6          ### balance, volume work partially
   7          ### */
   8          
   9          /*  File: dacC.c
  10           *
  11           *  Description:
  12           */
  13          
  14          #include <c8051f120.h>          // get SFR declarations
  15          #include "types.h"
  16          #include "dac.h"
  17          
  18          void dacout(void);
  19          extern bit dacactive;
  20          extern uint16_t bytesleft;
  21          extern uint8_t xdata *bufptr;     //##
  22          
  23          bit isStereo;
  24          int8_t volumeL;
  25          int8_t volumeR;
  26          
  27          void dac2init(void){
  28   1      /*  initalizes any global variables used. */
  29   1          isStereo = 0;
  30   1          volumeL = 0;
  31   1          volumeR = 0;
  32   1      }
  33          
  34          void dacrate(uint16_t rate) {
  35   1          switch(rate){
  36   2              case 8000:
  37   2                  RCAP2 = -128; // 0.47% percent error
  38   2                  break;
  39   2              case 11025:
  40   2                  RCAP2 = -93; // 0.64% percent error
  41   2                  break;
  42   2              case 22050:
  43   2                  RCAP2 = -46; // 0.64% percent error
  44   2                  break;
  45   2              default:
  46   2                  RCAP2 = -128; /* default to 8KHz sampling */
  47   2          }
  48   1          return;
  49   1      }
  50          
  51          void dacstereo(uint8_t channel) {
  52   1          isStereo = channel ? 1 : 0;
  53   1          return;
  54   1      }
  55          
C51 COMPILER V7.05   DACC                                                                  12/01/2012 02:55:08 PAGE 2   

  56          void dacvolume(int8_t ud) {
  57   1          if (ud > 0) {
  58   2            //increase volume
  59   2              if (volumeL < MAX_VOLUME && volumeR < MAX_VOLUME) {
  60   3                  volumeL++; volumeR++;
  61   3                  SFRPAGE = 0;
  62   3                  DACnCN--;
  63   3                  SFRPAGE = 1;
  64   3                  DACnCN--;
  65   3              }
  66   2          }
  67   1          else {
  68   2            //decrease volume
  69   2              if(volumeL > MIN_VOLUME && volumeR > MIN_VOLUME){
  70   3                  volumeL--; volumeR--;
  71   3                  SFRPAGE = 0;
  72   3                  DACnCN++;
  73   3                  SFRPAGE = 1;
  74   3                  DACnCN++;
  75   3              }
  76   2          }
  77   1      }
  78          
  79          void dacbalance(int8_t lr) {
  80   1          if (lr > 0) { // left++, right--
  81   2              if (volumeL < MAX_VOLUME && volumeR > MIN_VOLUME) {
  82   3                  volumeL++; volumeR--;
  83   3                  SFRPAGE = 0;
  84   3                  DACnCN--;
  85   3                  SFRPAGE = 1;
  86   3                  DACnCN++;
  87   3              }
  88   2          }
  89   1          else { // left--, right++
  90   2              if(volumeL > MIN_VOLUME && volumeR < MAX_VOLUME){
  91   3                  volumeL--; volumeR++;
  92   3                  SFRPAGE = 0;
  93   3                  DACnCN++;
  94   3                  SFRPAGE = 1;
  95   3                  DACnCN--;
  96   3              }
  97   2          }
  98   1      }
  99          
 100          void dacout(void) interrupt 5 {
 101   1          TF2 = 0; //##
 102   1          //puts bytes in buffer to be played
 103   1          if(dacactive){
 104   2              if(bytesleft == 0){
 105   3                  SFRPAGE = 0;
 106   3                  DACn = 0x80;
 107   3                  SFRPAGE = 1;
 108   3                  DACn = 0x80;
 109   3                  dacactive = 0;
 110   3              } else {
 111   3                  if(isStereo){
 112   4                      //write to DAC0 data at bufptr
 113   4                      SFRPAGE = 0;
 114   4                      DACn = *bufptr << 4;
 115   4                      bufptr++;
 116   4                      SFRPAGE = 1;
 117   4                      DACn = *bufptr << 4;
C51 COMPILER V7.05   DACC                                                                  12/01/2012 02:55:08 PAGE 3   

 118   4                      bufptr++;
 119   4                      bytesleft--;
 120   4                  } else {
 121   4                      SFRPAGE = 0;
 122   4                      DACn = *bufptr << 4;
 123   4                      SFRPAGE = 1;
 124   4                      DACn = *bufptr << 4;
 125   4                      bufptr++;
 126   4                  }
 127   3                  bytesleft--;
 128   3                  return;
 129   3              }
 130   2          }
 131   1      }


MODULE INFORMATION:   STATIC OVERLAYABLE
   CODE SIZE        =    426    ----
   CONSTANT SIZE    =   ----    ----
   XDATA SIZE       =   ----    ----
   PDATA SIZE       =   ----    ----
   DATA SIZE        =      2    ----
   IDATA SIZE       =   ----    ----
   BIT SIZE         =      1    ----
END OF MODULE INFORMATION.


C51 COMPILATION COMPLETE.  0 WARNING(S),  0 ERROR(S)
