A51 MACRO ASSEMBLER  REF                                                                  11/30/2012 21:33:12 PAGE     1


MACRO ASSEMBLER A51 V8.02b
OBJECT MODULE PLACED IN ref.OBJ
ASSEMBLER INVOKED BY: C:\SiLabs\MCU\IDEfiles\C51\BIN\a51.exe ref.asm XR GEN DB EP NOMOD51 INCDIR(C:\SiLabs\MCU\Inc) 

LOC  OBJ            LINE     SOURCE

----                   1     CSEG AT 0003H
0003                   2     DS      3
----                   3     CSEG AT 002BH
002B                   4     DS      3
  0040                 5     BUFPTR                  EQU                     0040H
                       6     public                  BUFPTR
  003E                 7     BYTESLEFT                       EQU                     003EH
                       8     public                  BYTESLEFT
  0012                 9     DACACTIVE                       EQU                     0022H.2
                      10     public                  DACACTIVE
  496D                11     DACBUSY                 EQU                     496DH
                      12     public                  DACBUSY
  4929                13     DACINIT                 EQU                     4929H
                      14     public                  DACINIT
  4976                15     _DACPLAY                        EQU                     4976H
                      16     public                  _DACPLAY
  45DC                17     KBCHECK                 EQU                     45DCH
                      18     public                  KBCHECK
  44BE                19     KBINIT                  EQU                     44BEH
                      20     public                  KBINIT
  41BF                21     KEYTAB                  EQU                     41BFH
                      22     public                  KEYTAB
  4293                23     KEYTAB2                 EQU                     4293H
                      24     public                  KEYTAB2
  0076                25     MAXKEY                  EQU                     0076H
                      26     public                  MAXKEY
  000D                27     MINKEY                  EQU                     000DH
                      28     public                  MINKEY
  475D                29     dacout                  EQU                     475DH
                      30     public                  dacout
  00E8                31     ADC0CN                  EQU                     00E8H
                      32     public                  ADC0CN
  0084                33     SFRPAGE                 EQU                     0084H
                      34     public                  SFRPAGE
  00A8                35     IE                      EQU                     00A8H
                      36     public                  IE
  4BE2                37     dac2init                        EQU                     4BE2H
                      38     public                  dac2init
  00D8                39     PCA0CN                  EQU                     00D8H
                      40     public                  PCA0CN
  00B8                41     IP                      EQU                     00B8H
                      42     public                  IP
  4BBB                43     _dacstereo                      EQU                     4BBBH
                      44     public                  _dacstereo
  00C0                45     SMB0CN                  EQU                     00C0H
                      46     public                  SMB0CN
  4869                47     _dacvolume                      EQU                     4869H
                      48     public                  _dacvolume
  0088                49     CPT0CN                  EQU                     0088H
                      50     public                  CPT0CN
  00F8                51     SPI0CN                  EQU                     00F8H
                      52     public                  SPI0CN
  00D2                53     DACn                    EQU                     00D2H
                      54     public                  DACn
  4A76                55     _dacrate                        EQU                     4A76H
                      56     public                  _dacrate
  00C8                57     TMR2CN                  EQU                     00C8H
                      58     public                  TMR2CN
A51 MACRO ASSEMBLER  REF                                                                  11/30/2012 21:33:12 PAGE     2

  00D4                59     DACnCN                  EQU                     00D4H
                      60     public                  DACnCN
  00CF                61     TF2                     EQU                     00C8H.7
                      62     public                  TF2
  0013                63     isStereo                        EQU                     0022H.3
                      64     public                  isStereo
  48CA                65     _dacbalance                     EQU                     48CAH
                      66     public                  _dacbalance
  00CA                67     RCAP2                   EQU                     00CAH
                      68     public                  RCAP2
  0098                69     SCON0                   EQU                     0098H
                      70     public                  SCON0
  0049                71     volumeL                 EQU                     0049H
                      72     public                  volumeL
  004A                73     volumeR                 EQU                     004AH
                      74     public                  volumeR
  00D0                75     PSW                     EQU                     00D0H
                      76     public                  PSW
  4A0B                77     _delay_ms                       EQU                     4A0BH
                      78     public                  _delay_ms
  49D3                79     _delay_us                       EQU                     49D3H
                      80     public                  _delay_us
  009C                81     P4MDOUT                 EQU                     009CH
                      82     public                  P4MDOUT
  4BC5                83     __lcddata                       EQU                     4BC5H
                      84     public                  __lcddata
  009E                85     P6MDOUT                 EQU                     009EH
                      86     public                  P6MDOUT
  009F                87     P7MDOUT                 EQU                     009FH
                      88     public                  P7MDOUT
  00A3                89     EMI0CF                  EQU                     00A3H
                      90     public                  EMI0CF
  002B                91     lcdrs                   EQU                     002BH
                      92     public                  lcdrs
  00A2                93     EMI0CN                  EQU                     00A2H
                      94     public                  EMI0CN
  002C                95     lcdrw                   EQU                     002CH
                      96     public                  lcdrw
  4BEA                97     _busy                   EQU                     4BEAH
                      98     public                  _busy
  4B03                99     _lcdwritec                      EQU                     4B03H
                     100     public                  _lcdwritec
  4C05               101     __mpuwdata                      EQU                     4C05H
                     102     public                  __mpuwdata
  4BCF               103     __lcdcmd                        EQU                     4BCFH
                     104     public                  __lcdcmd
  4BD9               105     _lcdcursor                      EQU                     4BD9H
                     106     public                  _lcdcursor
  4B20               107     _lcdwritex                      EQU                     4B20H
                     108     public                  _lcdwritex
  4C00               109     lcdclear                        EQU                     4C00H
                     110     public                  lcdclear
  4C0A               111     __mpuwcmd                       EQU                     4C0AH
                     112     public                  __mpuwcmd
  4C0F               113     _mpurdata                       EQU                     4C0FH
                     114     public                  _mpurdata
  4AA3               115     _lcdwrite                       EQU                     4AA3H
                     116     public                  _lcdwrite
  002D               117     lcdrdata                        EQU                     002DH
                     118     public                  lcdrdata
  002E               119     lcdwdata                        EQU                     002EH
                     120     public                  lcdwdata
  002F               121     lcdbase                 EQU                     002FH
                     122     public                  lcdbase
  4C14               123     _mpurcmd                        EQU                     4C14H
                     124     public                  _mpurcmd
A51 MACRO ASSEMBLER  REF                                                                  11/30/2012 21:33:12 PAGE     3

  0030               125     lcdrcmd                 EQU                     0030H
                     126     public                  lcdrcmd
  0031               127     lcdwcmd                 EQU                     0031H
                     128     public                  lcdwcmd
  4B57               129     _lcdpos                 EQU                     4B57H
                     130     public                  _lcdpos
  4987               131     lcdinit                 EQU                     4987H
                     132     public                  lcdinit
  009D               133     SPI0CKR                 EQU                     009DH
                     134     public                  SPI0CKR
  0080               135     P0                      EQU                     0080H
                     136     public                  P0
  00F8               137     SPIEN                   EQU                     00F8H.0
                     138     public                  SPIEN
  00A0               139     P2                      EQU                     00A0H
                     140     public                  P2
  4AE5               141     spiinit                 EQU                     4AE5H
                     142     public                  spiinit
  00A4               143     P0MDOUT                 EQU                     00A4H
                     144     public                  P0MDOUT
  00A6               145     P2MDOUT                 EQU                     00A6H
                     146     public                  P2MDOUT
  4BA5               147     spi_rcv_byte                    EQU                     4BA5H
                     148     public                  spi_rcv_byte
  00A0               149     CS                      EQU                     00A0H.0
                     150     public                  CS
  00E1               151     XBR0                    EQU                     00E1H
                     152     public                  XBR0
  00E2               153     XBR1                    EQU                     00E2H
                     154     public                  XBR1
  00FF               155     SPIF                    EQU                     00F8H.7
                     156     public                  SPIF
  00FA               157     NSSMD0                  EQU                     00F8H.2
                     158     public                  NSSMD0
  00FB               159     NSSMD1                  EQU                     00F8H.3
                     160     public                  NSSMD1
  4A42               161     _spi_rcv_buffer                 EQU                     4A42H
                     162     public                  _spi_rcv_buffer
  4B7A               163     _spi_set_divisor                        EQU                     4B7AH
                     164     public                  _spi_set_divisor
  4C1C               165     spi_cs_deassert                 EQU                     4C1CH
                     166     public                  spi_cs_deassert
  4BF2               167     _spi_send_byte                  EQU                     4BF2H
                     168     public                  _spi_send_byte
  009A               169     SPI0CFG                 EQU                     009AH
                     170     public                  SPI0CFG
  4BFA               171     spicardpresent                  EQU                     4BFAH
                     172     public                  spicardpresent
  009B               173     SPI0DAT                 EQU                     009BH
                     174     public                  SPI0DAT
  4C19               175     spi_cs_assert                   EQU                     4C19H
                     176     public                  spi_cs_assert
  4BB0               177     _NTOHL                  EQU                     4BB0H
                     178     public                  _NTOHL
  4BB7               179     _NTOHS                  EQU                     4BB7H
                     180     public                  _NTOHS
  0200               181     songSector                      EQU                     0200H
                     182     public                  songSector
  4367               183     readdir                 EQU                     4367H
                     184     public                  readdir
  0280               185     numSongs                        EQU                     0280H
                     186     public                  numSongs
  47F5               187     _microSDread                    EQU                     47F5H
                     188     public                  _microSDread
  0023               189     ?_MICROSDREAD?BYTE EQU 0023H
                     190     public ?_MICROSDREAD?BYTE
A51 MACRO ASSEMBLER  REF                                                                  11/30/2012 21:33:12 PAGE     4

  4AC6               191     microSDinit                     EQU                     4AC6H
                     192     public                  microSDinit
  4000               193     ?C?CLDPTR                       EQU                     4000H
                     194     public                  ?C?CLDPTR
  4019               195     ?C?LMUL                 EQU                     4019H
                     196     public                  ?C?LMUL
  40A4               197     ?C?ULDIV                        EQU                     40A4H
                     198     public                  ?C?ULDIV
  4136               199     ?C?LSHL                 EQU                     4136H
                     200     public                  ?C?LSHL
  4149               201     ?C?LLDXDATA                     EQU                     4149H
                     202     public                  ?C?LLDXDATA
  4155               203     ?C?LSTXDATA                     EQU                     4155H
                     204     public                  ?C?LSTXDATA
  4161               205     ?C?LSTKXDATA                    EQU                     4161H
                     206     public                  ?C?LSTKXDATA
  4192               207     ?C?ICASE                        EQU                     4192H
                     208     public                  ?C?ICASE
                     209     end
A51 MACRO ASSEMBLER  REF                                                                  11/30/2012 21:33:12 PAGE     5

XREF SYMBOL TABLE LISTING
---- ------ ----- -------


N A M E             T Y P E  V A L U E   ATTRIBUTES / REFERENCES

?C?CLDPTR. . . . .  N NUMB   4000H   A      193# 194
?C?ICASE . . . . .  N NUMB   4192H   A      207# 208
?C?LLDXDATA. . . .  N NUMB   4149H   A      201# 202
?C?LMUL. . . . . .  N NUMB   4019H   A      195# 196
?C?LSHL. . . . . .  N NUMB   4136H   A      199# 200
?C?LSTKXDATA . . .  N NUMB   4161H   A      205# 206
?C?LSTXDATA. . . .  N NUMB   4155H   A      203# 204
?C?ULDIV . . . . .  N NUMB   40A4H   A      197# 198
?_MICROSDREAD?BYTE  N NUMB   0023H   A      189# 190
ADC0CN . . . . . .  N NUMB   00E8H   A      31# 32
BUFPTR . . . . . .  N NUMB   0040H   A      5# 6
BYTESLEFT. . . . .  N NUMB   003EH   A      7# 8
CPT0CN . . . . . .  N NUMB   0088H   A      49# 50
CS . . . . . . . .  B ADDR   00A0H.0 A      149# 150
DAC2INIT . . . . .  N NUMB   4BE2H   A      37# 38
DACACTIVE. . . . .  B ADDR   0022H.2 A      9# 10
DACBUSY. . . . . .  N NUMB   496DH   A      11# 12
DACINIT. . . . . .  N NUMB   4929H   A      13# 14
DACN . . . . . . .  N NUMB   00D2H   A      53# 54
DACNCN . . . . . .  N NUMB   00D4H   A      59# 60
DACOUT . . . . . .  N NUMB   475DH   A      29# 30
EMI0CF . . . . . .  N NUMB   00A3H   A      89# 90
EMI0CN . . . . . .  N NUMB   00A2H   A      93# 94
IE . . . . . . . .  N NUMB   00A8H   A      35# 36
IP . . . . . . . .  N NUMB   00B8H   A      41# 42
ISSTEREO . . . . .  B ADDR   0022H.3 A      63# 64
KBCHECK. . . . . .  N NUMB   45DCH   A      17# 18
KBINIT . . . . . .  N NUMB   44BEH   A      19# 20
KEYTAB . . . . . .  N NUMB   41BFH   A      21# 22
KEYTAB2. . . . . .  N NUMB   4293H   A      23# 24
LCDBASE. . . . . .  N NUMB   002FH   A      121# 122
LCDCLEAR . . . . .  N NUMB   4C00H   A      109# 110
LCDINIT. . . . . .  N NUMB   4987H   A      131# 132
LCDRCMD. . . . . .  N NUMB   0030H   A      125# 126
LCDRDATA . . . . .  N NUMB   002DH   A      117# 118
LCDRS. . . . . . .  N NUMB   002BH   A      91# 92
LCDRW. . . . . . .  N NUMB   002CH   A      95# 96
LCDWCMD. . . . . .  N NUMB   0031H   A      127# 128
LCDWDATA . . . . .  N NUMB   002EH   A      119# 120
MAXKEY . . . . . .  N NUMB   0076H   A      25# 26
MICROSDINIT. . . .  N NUMB   4AC6H   A      191# 192
MINKEY . . . . . .  N NUMB   000DH   A      27# 28
NSSMD0 . . . . . .  B ADDR   00F8H.2 A      157# 158
NSSMD1 . . . . . .  B ADDR   00F8H.3 A      159# 160
NUMSONGS . . . . .  N NUMB   0280H   A      185# 186
P0 . . . . . . . .  N NUMB   0080H   A      135# 136
P0MDOUT. . . . . .  N NUMB   00A4H   A      143# 144
P2 . . . . . . . .  N NUMB   00A0H   A      139# 140
P2MDOUT. . . . . .  N NUMB   00A6H   A      145# 146
P4MDOUT. . . . . .  N NUMB   009CH   A      81# 82
P6MDOUT. . . . . .  N NUMB   009EH   A      85# 86
P7MDOUT. . . . . .  N NUMB   009FH   A      87# 88
PCA0CN . . . . . .  N NUMB   00D8H   A      39# 40
PSW. . . . . . . .  N NUMB   00D0H   A      75# 76
RCAP2. . . . . . .  N NUMB   00CAH   A      67# 68
READDIR. . . . . .  N NUMB   4367H   A      183# 184
SCON0. . . . . . .  N NUMB   0098H   A      69# 70
SFRPAGE. . . . . .  N NUMB   0084H   A      33# 34
SMB0CN . . . . . .  N NUMB   00C0H   A      45# 46
SONGSECTOR . . . .  N NUMB   0200H   A      181# 182
A51 MACRO ASSEMBLER  REF                                                                  11/30/2012 21:33:12 PAGE     6

SPI0CFG. . . . . .  N NUMB   009AH   A      169# 170
SPI0CKR. . . . . .  N NUMB   009DH   A      133# 134
SPI0CN . . . . . .  N NUMB   00F8H   A      51# 52
SPI0DAT. . . . . .  N NUMB   009BH   A      173# 174
SPICARDPRESENT . .  N NUMB   4BFAH   A      171# 172
SPIEN. . . . . . .  B ADDR   00F8H.0 A      137# 138
SPIF . . . . . . .  B ADDR   00F8H.7 A      155# 156
SPIINIT. . . . . .  N NUMB   4AE5H   A      141# 142
SPI_CS_ASSERT. . .  N NUMB   4C19H   A      175# 176
SPI_CS_DEASSERT. .  N NUMB   4C1CH   A      165# 166
SPI_RCV_BYTE . . .  N NUMB   4BA5H   A      147# 148
TF2. . . . . . . .  B ADDR   00C8H.7 A      61# 62
TMR2CN . . . . . .  N NUMB   00C8H   A      57# 58
VOLUMEL. . . . . .  N NUMB   0049H   A      71# 72
VOLUMER. . . . . .  N NUMB   004AH   A      73# 74
XBR0 . . . . . . .  N NUMB   00E1H   A      151# 152
XBR1 . . . . . . .  N NUMB   00E2H   A      153# 154
_BUSY. . . . . . .  N NUMB   4BEAH   A      97# 98
_DACBALANCE. . . .  N NUMB   48CAH   A      65# 66
_DACPLAY . . . . .  N NUMB   4976H   A      15# 16
_DACRATE . . . . .  N NUMB   4A76H   A      55# 56
_DACSTEREO . . . .  N NUMB   4BBBH   A      43# 44
_DACVOLUME . . . .  N NUMB   4869H   A      47# 48
_DELAY_MS. . . . .  N NUMB   4A0BH   A      77# 78
_DELAY_US. . . . .  N NUMB   49D3H   A      79# 80
_LCDCURSOR . . . .  N NUMB   4BD9H   A      105# 106
_LCDPOS. . . . . .  N NUMB   4B57H   A      129# 130
_LCDWRITE. . . . .  N NUMB   4AA3H   A      115# 116
_LCDWRITEC . . . .  N NUMB   4B03H   A      99# 100
_LCDWRITEX . . . .  N NUMB   4B20H   A      107# 108
_MICROSDREAD . . .  N NUMB   47F5H   A      187# 188
_MPURCMD . . . . .  N NUMB   4C14H   A      123# 124
_MPURDATA. . . . .  N NUMB   4C0FH   A      113# 114
_NTOHL . . . . . .  N NUMB   4BB0H   A      177# 178
_NTOHS . . . . . .  N NUMB   4BB7H   A      179# 180
_SPI_RCV_BUFFER. .  N NUMB   4A42H   A      161# 162
_SPI_SEND_BYTE . .  N NUMB   4BF2H   A      167# 168
_SPI_SET_DIVISOR .  N NUMB   4B7AH   A      163# 164
__LCDCMD . . . . .  N NUMB   4BCFH   A      103# 104
__LCDDATA. . . . .  N NUMB   4BC5H   A      83# 84
__MPUWCMD. . . . .  N NUMB   4C0AH   A      111# 112
__MPUWDATA . . . .  N NUMB   4C05H   A      101# 102


REGISTER BANK(S) USED: 0 


ASSEMBLY COMPLETE.  0 WARNING(S), 0 ERROR(S)
