A51 MACRO ASSEMBLER  REFS                                                                 12/01/2012 03:11:18 PAGE     1


MACRO ASSEMBLER A51 V7.04a
OBJECT MODULE PLACED IN refs.OBJ
ASSEMBLER INVOKED BY: C:\SiLabs\MCU\IDEfiles\C51\BIN\a51.exe refs.asm XR GEN DB EP NOMOD51

LOC  OBJ            LINE     SOURCE

  0023                 1     ?_MICROSDREAD?BYTE              EQU             0023H
                       2     public          ?_MICROSDREAD?BYTE
----                   3     CSEG AT 0003H
0003                   4     DS      3
----                   5     CSEG AT 002BH
002B                   6     DS      3
  0046                 7     BUFPTR          EQU             0046H
                       8     public          BUFPTR
  0044                 9     BYTESLEFT               EQU             0044H
                      10     public          BYTESLEFT
  0012                11     DACACTIVE               EQU             0022H.2
                      12     public          DACACTIVE
  4BC9                13     DACBUSY         EQU             4BC9H
                      14     public          DACBUSY
  4B85                15     DACINIT         EQU             4B85H
                      16     public          DACINIT
  4BD2                17     _DACPLAY                EQU             4BD2H
                      18     public          _DACPLAY
  488A                19     dacout          EQU             488AH
                      20     public          dacout
  00E8                21     ADC0CN          EQU             00E8H
                      22     public          ADC0CN
  0084                23     SFRPAGE         EQU             0084H
                      24     public          SFRPAGE
  00A8                25     IE              EQU             00A8H
                      26     public          IE
  4E3E                27     dac2init                EQU             4E3EH
                      28     public          dac2init
  00D8                29     PCA0CN          EQU             00D8H
                      30     public          PCA0CN
  00B8                31     IP              EQU             00B8H
                      32     public          IP
  4E17                33     _dacstereo              EQU             4E17H
                      34     public          _dacstereo
  00C0                35     SMB0CN          EQU             00C0H
                      36     public          SMB0CN
  4AC5                37     _dacvolume              EQU             4AC5H
                      38     public          _dacvolume
  0088                39     CPT0CN          EQU             0088H
                      40     public          CPT0CN
  00F8                41     SPI0CN          EQU             00F8H
                      42     public          SPI0CN
  00D2                43     DACn            EQU             00D2H
                      44     public          DACn
  4CD2                45     _dacrate                EQU             4CD2H
                      46     public          _dacrate
  00C8                47     TMR2CN          EQU             00C8H
                      48     public          TMR2CN
  00D4                49     DACnCN          EQU             00D4H
                      50     public          DACnCN
  00CF                51     TF2             EQU             00C8H.7
                      52     public          TF2
  0013                53     isStereo                EQU             0022H.3
                      54     public          isStereo
  4B26                55     _dacbalance             EQU             4B26H
                      56     public          _dacbalance
  00CA                57     RCAP2           EQU             00CAH
                      58     public          RCAP2
A51 MACRO ASSEMBLER  REFS                                                                 12/01/2012 03:11:18 PAGE     2

  0098                59     SCON0           EQU             0098H
                      60     public          SCON0
  0052                61     volumeL         EQU             0052H
                      62     public          volumeL
  0053                63     volumeR         EQU             0053H
                      64     public          volumeR
  00D0                65     PSW             EQU             00D0H
                      66     public          PSW
  4C67                67     _delay_ms               EQU             4C67H
                      68     public          _delay_ms
  4C2F                69     _delay_us               EQU             4C2FH
                      70     public          _delay_us
  49D7                71     _itoa8          EQU             49D7H
                      72     public          _itoa8
  43DE                73     _itoa16         EQU             43DEH
                      74     public          _itoa16
  47AB                75     KBCHECK         EQU             47ABH
                      76     public          KBCHECK
  468D                77     KBINIT          EQU             468DH
                      78     public          KBINIT
  009C                79     P4MDOUT         EQU             009CH
                      80     public          P4MDOUT
  4E21                81     __lcddata               EQU             4E21H
                      82     public          __lcddata
  009E                83     P6MDOUT         EQU             009EH
                      84     public          P6MDOUT
  009F                85     P7MDOUT         EQU             009FH
                      86     public          P7MDOUT
  00A3                87     EMI0CF          EQU             00A3H
                      88     public          EMI0CF
  002B                89     lcdrs           EQU             002BH
                      90     public          lcdrs
  00A2                91     EMI0CN          EQU             00A2H
                      92     public          EMI0CN
  002C                93     lcdrw           EQU             002CH
                      94     public          lcdrw
  4E46                95     _busy           EQU             4E46H
                      96     public          _busy
  4D5F                97     _lcdwritec              EQU             4D5FH
                      98     public          _lcdwritec
  4E61                99     __mpuwdata              EQU             4E61H
                     100     public          __mpuwdata
  4E2B               101     __lcdcmd                EQU             4E2BH
                     102     public          __lcdcmd
  4E35               103     _lcdcursor              EQU             4E35H
                     104     public          _lcdcursor
  4D7C               105     _lcdwritex              EQU             4D7CH
                     106     public          _lcdwritex
  4E5C               107     lcdclear                EQU             4E5CH
                     108     public          lcdclear
  4E66               109     __mpuwcmd               EQU             4E66H
                     110     public          __mpuwcmd
  4E6B               111     _mpurdata               EQU             4E6BH
                     112     public          _mpurdata
  4CFF               113     _lcdwrite               EQU             4CFFH
                     114     public          _lcdwrite
  002D               115     lcdrdata                EQU             002DH
                     116     public          lcdrdata
  002E               117     lcdwdata                EQU             002EH
                     118     public          lcdwdata
  002F               119     lcdbase         EQU             002FH
                     120     public          lcdbase
  4E70               121     _mpurcmd                EQU             4E70H
                     122     public          _mpurcmd
  0030               123     lcdrcmd         EQU             0030H
                     124     public          lcdrcmd
A51 MACRO ASSEMBLER  REFS                                                                 12/01/2012 03:11:18 PAGE     3

  0031               125     lcdwcmd         EQU             0031H
                     126     public          lcdwcmd
  4DB3               127     _lcdpos         EQU             4DB3H
                     128     public          _lcdpos
  4BE3               129     lcdinit         EQU             4BE3H
                     130     public          lcdinit
  4236               131     KEYTAB          EQU             4236H
                     132     public          KEYTAB
  430A               133     KEYTAB2         EQU             430AH
                     134     public          KEYTAB2
  0076               135     MAXKEY          EQU             0076H
                     136     public          MAXKEY
  000D               137     MINKEY          EQU             000DH
                     138     public          MINKEY
  009D               139     SPI0CKR         EQU             009DH
                     140     public          SPI0CKR
  0080               141     P0              EQU             0080H
                     142     public          P0
  00F8               143     SPIEN           EQU             00F8H.0
                     144     public          SPIEN
  00A0               145     P2              EQU             00A0H
                     146     public          P2
  4D41               147     spiinit         EQU             4D41H
                     148     public          spiinit
  00A4               149     P0MDOUT         EQU             00A4H
                     150     public          P0MDOUT
  00A6               151     P2MDOUT         EQU             00A6H
                     152     public          P2MDOUT
  4E01               153     spi_rcv_byte            EQU             4E01H
                     154     public          spi_rcv_byte
  00A0               155     CS              EQU             00A0H.0
                     156     public          CS
  00E1               157     XBR0            EQU             00E1H
                     158     public          XBR0
  00E2               159     XBR1            EQU             00E2H
                     160     public          XBR1
  00FF               161     SPIF            EQU             00F8H.7
                     162     public          SPIF
  00FA               163     NSSMD0          EQU             00F8H.2
                     164     public          NSSMD0
  00FB               165     NSSMD1          EQU             00F8H.3
                     166     public          NSSMD1
  4C9E               167     _spi_rcv_buffer         EQU             4C9EH
                     168     public          _spi_rcv_buffer
  4DD6               169     _spi_set_divisor                EQU             4DD6H
                     170     public          _spi_set_divisor
  4E78               171     spi_cs_deassert         EQU             4E78H
                     172     public          spi_cs_deassert
  4E4E               173     _spi_send_byte          EQU             4E4EH
                     174     public          _spi_send_byte
  009A               175     SPI0CFG         EQU             009AH
                     176     public          SPI0CFG
  4E56               177     spicardpresent          EQU             4E56H
                     178     public          spicardpresent
  009B               179     SPI0DAT         EQU             009BH
                     180     public          SPI0DAT
  4E75               181     spi_cs_assert           EQU             4E75H
                     182     public          spi_cs_assert
  0200               183     songSector              EQU             0200H
                     184     public          songSector
  4536               185     readdir         EQU             4536H
                     186     public          readdir
  0280               187     numSongs                EQU             0280H
                     188     public          numSongs
  4A51               189     _microSDread            EQU             4A51H
                     190     public          _microSDread
A51 MACRO ASSEMBLER  REFS                                                                 12/01/2012 03:11:18 PAGE     4

  4D22               191     microSDinit             EQU             4D22H
                     192     public          microSDinit
  4E0C               193     _NTOHL          EQU             4E0CH
                     194     public          _NTOHL
  4E13               195     _NTOHS          EQU             4E13H
                     196     public          _NTOHS
  4000               197     ?C?CLDPTR               EQU             4000H
                     198     public          ?C?CLDPTR
  4019               199     ?C?CSTOPTR              EQU             4019H
                     200     public          ?C?CSTOPTR
  403B               201     ?C?UIDIV                EQU             403BH
                     202     public          ?C?UIDIV
  4090               203     ?C?LMUL         EQU             4090H
                     204     public          ?C?LMUL
  411B               205     ?C?ULDIV                EQU             411BH
                     206     public          ?C?ULDIV
  41AD               207     ?C?LSHL         EQU             41ADH
                     208     public          ?C?LSHL
  41C0               209     ?C?LLDXDATA             EQU             41C0H
                     210     public          ?C?LLDXDATA
  41CC               211     ?C?LSTXDATA             EQU             41CCH
                     212     public          ?C?LSTXDATA
  41D8               213     ?C?LSTKXDATA            EQU             41D8H
                     214     public          ?C?LSTKXDATA
  4209               215     ?C?ICASE                EQU             4209H
                     216     public          ?C?ICASE
                     217     end
A51 MACRO ASSEMBLER  REFS                                                                 12/01/2012 03:11:18 PAGE     5

XREF SYMBOL TABLE LISTING
---- ------ ----- -------


N A M E             T Y P E  V A L U E   ATTRIBUTES / REFERENCES

?C?CLDPTR. . . . .  N NUMB   4000H   A      197# 198
?C?CSTOPTR . . . .  N NUMB   4019H   A      199# 200
?C?ICASE . . . . .  N NUMB   4209H   A      215# 216
?C?LLDXDATA. . . .  N NUMB   41C0H   A      209# 210
?C?LMUL. . . . . .  N NUMB   4090H   A      203# 204
?C?LSHL. . . . . .  N NUMB   41ADH   A      207# 208
?C?LSTKXDATA . . .  N NUMB   41D8H   A      213# 214
?C?LSTXDATA. . . .  N NUMB   41CCH   A      211# 212
?C?UIDIV . . . . .  N NUMB   403BH   A      201# 202
?C?ULDIV . . . . .  N NUMB   411BH   A      205# 206
?_MICROSDREAD?BYTE  N NUMB   0023H   A      1# 2
ADC0CN . . . . . .  N NUMB   00E8H   A      21# 22
BUFPTR . . . . . .  N NUMB   0046H   A      7# 8
BYTESLEFT. . . . .  N NUMB   0044H   A      9# 10
CPT0CN . . . . . .  N NUMB   0088H   A      39# 40
CS . . . . . . . .  B ADDR   00A0H.0 A      155# 156
DAC2INIT . . . . .  N NUMB   4E3EH   A      27# 28
DACACTIVE. . . . .  B ADDR   0022H.2 A      11# 12
DACBUSY. . . . . .  N NUMB   4BC9H   A      13# 14
DACINIT. . . . . .  N NUMB   4B85H   A      15# 16
DACN . . . . . . .  N NUMB   00D2H   A      43# 44
DACNCN . . . . . .  N NUMB   00D4H   A      49# 50
DACOUT . . . . . .  N NUMB   488AH   A      19# 20
EMI0CF . . . . . .  N NUMB   00A3H   A      87# 88
EMI0CN . . . . . .  N NUMB   00A2H   A      91# 92
IE . . . . . . . .  N NUMB   00A8H   A      25# 26
IP . . . . . . . .  N NUMB   00B8H   A      31# 32
ISSTEREO . . . . .  B ADDR   0022H.3 A      53# 54
KBCHECK. . . . . .  N NUMB   47ABH   A      75# 76
KBINIT . . . . . .  N NUMB   468DH   A      77# 78
KEYTAB . . . . . .  N NUMB   4236H   A      131# 132
KEYTAB2. . . . . .  N NUMB   430AH   A      133# 134
LCDBASE. . . . . .  N NUMB   002FH   A      119# 120
LCDCLEAR . . . . .  N NUMB   4E5CH   A      107# 108
LCDINIT. . . . . .  N NUMB   4BE3H   A      129# 130
LCDRCMD. . . . . .  N NUMB   0030H   A      123# 124
LCDRDATA . . . . .  N NUMB   002DH   A      115# 116
LCDRS. . . . . . .  N NUMB   002BH   A      89# 90
LCDRW. . . . . . .  N NUMB   002CH   A      93# 94
LCDWCMD. . . . . .  N NUMB   0031H   A      125# 126
LCDWDATA . . . . .  N NUMB   002EH   A      117# 118
MAXKEY . . . . . .  N NUMB   0076H   A      135# 136
MICROSDINIT. . . .  N NUMB   4D22H   A      191# 192
MINKEY . . . . . .  N NUMB   000DH   A      137# 138
NSSMD0 . . . . . .  B ADDR   00F8H.2 A      163# 164
NSSMD1 . . . . . .  B ADDR   00F8H.3 A      165# 166
NUMSONGS . . . . .  N NUMB   0280H   A      187# 188
P0 . . . . . . . .  N NUMB   0080H   A      141# 142
P0MDOUT. . . . . .  N NUMB   00A4H   A      149# 150
P2 . . . . . . . .  N NUMB   00A0H   A      145# 146
P2MDOUT. . . . . .  N NUMB   00A6H   A      151# 152
P4MDOUT. . . . . .  N NUMB   009CH   A      79# 80
P6MDOUT. . . . . .  N NUMB   009EH   A      83# 84
P7MDOUT. . . . . .  N NUMB   009FH   A      85# 86
PCA0CN . . . . . .  N NUMB   00D8H   A      29# 30
PSW. . . . . . . .  N NUMB   00D0H   A      65# 66
RCAP2. . . . . . .  N NUMB   00CAH   A      57# 58
READDIR. . . . . .  N NUMB   4536H   A      185# 186
SCON0. . . . . . .  N NUMB   0098H   A      59# 60
SFRPAGE. . . . . .  N NUMB   0084H   A      23# 24
A51 MACRO ASSEMBLER  REFS                                                                 12/01/2012 03:11:18 PAGE     6

SMB0CN . . . . . .  N NUMB   00C0H   A      35# 36
SONGSECTOR . . . .  N NUMB   0200H   A      183# 184
SPI0CFG. . . . . .  N NUMB   009AH   A      175# 176
SPI0CKR. . . . . .  N NUMB   009DH   A      139# 140
SPI0CN . . . . . .  N NUMB   00F8H   A      41# 42
SPI0DAT. . . . . .  N NUMB   009BH   A      179# 180
SPICARDPRESENT . .  N NUMB   4E56H   A      177# 178
SPIEN. . . . . . .  B ADDR   00F8H.0 A      143# 144
SPIF . . . . . . .  B ADDR   00F8H.7 A      161# 162
SPIINIT. . . . . .  N NUMB   4D41H   A      147# 148
SPI_CS_ASSERT. . .  N NUMB   4E75H   A      181# 182
SPI_CS_DEASSERT. .  N NUMB   4E78H   A      171# 172
SPI_RCV_BYTE . . .  N NUMB   4E01H   A      153# 154
TF2. . . . . . . .  B ADDR   00C8H.7 A      51# 52
TMR2CN . . . . . .  N NUMB   00C8H   A      47# 48
VOLUMEL. . . . . .  N NUMB   0052H   A      61# 62
VOLUMER. . . . . .  N NUMB   0053H   A      63# 64
XBR0 . . . . . . .  N NUMB   00E1H   A      157# 158
XBR1 . . . . . . .  N NUMB   00E2H   A      159# 160
_BUSY. . . . . . .  N NUMB   4E46H   A      95# 96
_DACBALANCE. . . .  N NUMB   4B26H   A      55# 56
_DACPLAY . . . . .  N NUMB   4BD2H   A      17# 18
_DACRATE . . . . .  N NUMB   4CD2H   A      45# 46
_DACSTEREO . . . .  N NUMB   4E17H   A      33# 34
_DACVOLUME . . . .  N NUMB   4AC5H   A      37# 38
_DELAY_MS. . . . .  N NUMB   4C67H   A      67# 68
_DELAY_US. . . . .  N NUMB   4C2FH   A      69# 70
_ITOA16. . . . . .  N NUMB   43DEH   A      73# 74
_ITOA8 . . . . . .  N NUMB   49D7H   A      71# 72
_LCDCURSOR . . . .  N NUMB   4E35H   A      103# 104
_LCDPOS. . . . . .  N NUMB   4DB3H   A      127# 128
_LCDWRITE. . . . .  N NUMB   4CFFH   A      113# 114
_LCDWRITEC . . . .  N NUMB   4D5FH   A      97# 98
_LCDWRITEX . . . .  N NUMB   4D7CH   A      105# 106
_MICROSDREAD . . .  N NUMB   4A51H   A      189# 190
_MPURCMD . . . . .  N NUMB   4E70H   A      121# 122
_MPURDATA. . . . .  N NUMB   4E6BH   A      111# 112
_NTOHL . . . . . .  N NUMB   4E0CH   A      193# 194
_NTOHS . . . . . .  N NUMB   4E13H   A      195# 196
_SPI_RCV_BUFFER. .  N NUMB   4C9EH   A      167# 168
_SPI_SEND_BYTE . .  N NUMB   4E4EH   A      173# 174
_SPI_SET_DIVISOR .  N NUMB   4DD6H   A      169# 170
__LCDCMD . . . . .  N NUMB   4E2BH   A      101# 102
__LCDDATA. . . . .  N NUMB   4E21H   A      81# 82
__MPUWCMD. . . . .  N NUMB   4E66H   A      109# 110
__MPUWDATA . . . .  N NUMB   4E61H   A      99# 100


REGISTER BANK(S) USED: 0 


ASSEMBLY COMPLETE.  0 WARNING(S), 0 ERROR(S)
