C51 COMPILER V7.05   DACC                                                                  11/19/2012 17:13:55 PAGE 1   


C51 COMPILER V7.05, COMPILATION OF MODULE DACC
OBJECT MODULE PLACED IN dacC.OBJ
COMPILER INVOKED BY: C:\SiLabs\MCU\IDEfiles\C51\BIN\C51.exe dacC.c DB OE BR

stmt level    source

   1          /*  File: dacC.c
   2           *
   3           *  Description:
   4           */
   5          
   6          #include <c8051f120.h>          // get SFR declarations
   7          #include "types.h"
   8          #include "dac.h"
   9          
  10          void dacout(void);
  11          extern bit dacactive;
  12          extern uint16_t bytesleft;
  13          extern uint16_t *bufptr;
  14          
  15          bit isStereo;
  16          int8_t volumeL;
  17          int8_t volumeR;
  18          
  19          void dac2init(void){
  20   1      /*  initalizes any global variables used. */
  21   1          isStereo = 0;
  22   1          volumeL = 0;
  23   1          volumeR = 0;
  24   1      }
  25          
  26          void dacrate(uint16_t rate) {
  27   1          switch(rate){
  28   2              case 8000:
  29   2                  RCAP2 = -128; // 0.47% percent error
  30   2                  break;
  31   2              case 11025:
  32   2                  RCAP2 = -93; // 0.64% percent error
  33   2                  break;
  34   2              case 22050:
  35   2                  RCAP2 = -46; // 0.64% percent error
  36   2                  break;
  37   2              default:
  38   2                  RCAP2 = -128; /* default to 8KHz sampling */
  39   2          }
  40   1          return;
  41   1      }
  42          
  43          void dacstereo(uint8_t channel) {
  44   1          isStereo = channel ? 1 : 0;
  45   1          return;
  46   1      }
  47          
  48          void dacvolume(int8_t ud) {
  49   1          if (ud > 0) {
  50   2            //increase volume
  51   2              if (volumeL < MAX_VOLUME && volumeR < MAX_VOLUME) {
  52   3                  volumeL++; volumeR++;
  53   3                  SFRPAGE = 0;
  54   3                  DACnCN--;
  55   3                  SFRPAGE = 1;
C51 COMPILER V7.05   DACC                                                                  11/19/2012 17:13:55 PAGE 2   

  56   3                  DACnCN--;
  57   3              }
  58   2          }
  59   1          else {
  60   2            //decrease volume
  61   2              if(volumeL > MIN_VOLUME && volumeR > MIN_VOLUME){
  62   3                  volumeL--; volumeR--;
  63   3                  SFRPAGE = 0;
  64   3                  DACnCN++;
  65   3                  SFRPAGE = 1;
  66   3                  DACnCN++;
  67   3              }
  68   2          }
  69   1      }
  70          
  71          void dacbalance(int8_t lr) {
  72   1          if (lr > 0) { // left++, right--
  73   2              if (volumeL < MAX_VOLUME && volumeR > MIN_VOLUME) {
  74   3                  volumeL++; volumeR--;
  75   3                  SFRPAGE = 0;
  76   3                  DACnCN--;
  77   3                  SFRPAGE = 1;
  78   3                  DACnCN++;
  79   3              }
  80   2          }
  81   1          else { // left--, right++
  82   2              if(volumeL > MIN_VOLUME && volumeR < MAX_VOLUME){
  83   3                  volumeL--; volumeR++;
  84   3                  SFRPAGE = 0;
  85   3                  DACnCN++;
  86   3                  SFRPAGE = 1;
  87   3                  DACnCN--;
  88   3              }
  89   2          }
  90   1      }
  91          
  92          void dacout(void) interrupt 5 {
  93   1          //puts bytes in buffer to be played
  94   1          if(dacactive){
  95   2              if(bytesleft == 0){
  96   3                  SFRPAGE = 0;
  97   3                  DACn = 0x80;
  98   3                  SFRPAGE = 1;
  99   3                  DACn = 0x80;
 100   3                  dacactive = 0;
 101   3              } else {
 102   3                  if(isStereo){
 103   4                      //write to DAC0 data at bufptr
 104   4                      SFRPAGE = 0;
 105   4                      DACn = *bufptr;
 106   4                                      bufptr++;
 107   4                      SFRPAGE = 1;
 108   4                      DACn = *bufptr;
 109   4                                      bufptr++;
 110   4                                      bytesleft--;
 111   4                  } else {
 112   4                      SFRPAGE = 0;
 113   4                      DACn = *bufptr;
 114   4                      SFRPAGE = 1;
 115   4                      DACn = *bufptr;
 116   4                                      bufptr++;
 117   4                  }
C51 COMPILER V7.05   DACC                                                                  11/19/2012 17:13:55 PAGE 3   

 118   3                  bytesleft--;
 119   3                  return;
 120   3              }
 121   2          }
 122   1      }


MODULE INFORMATION:   STATIC OVERLAYABLE
   CODE SIZE        =    439    ----
   CONSTANT SIZE    =   ----    ----
   XDATA SIZE       =   ----    ----
   PDATA SIZE       =   ----    ----
   DATA SIZE        =      2    ----
   IDATA SIZE       =   ----    ----
   BIT SIZE         =      1    ----
END OF MODULE INFORMATION.


C51 COMPILATION COMPLETE.  0 WARNING(S),  0 ERROR(S)
