C51 COMPILER V7.05   LCD                                                                   11/19/2012 17:13:56 PAGE 1   


C51 COMPILER V7.05, COMPILATION OF MODULE LCD
OBJECT MODULE PLACED IN lcd.OBJ
COMPILER INVOKED BY: C:\SiLabs\MCU\IDEfiles\C51\BIN\C51.exe lcd.c DB OE BR

stmt level    source

   1          #include "lcd.h"
   2          #include "delay.h"
   3          #include <c8051f120.h>          // get SFR declarations
   4          
   5          // hackros
   6          #define lcdwstr()    while (*str) {_lcddata(*str); ++str;}
   7          
   8          // timings in us
   9          #define T_AS        0.06
  10          #define PW_EH       0.5
  11          #define T_DSW       0.2
  12          #define T_AH        0.02
  13          #define T_DDR       0.4
  14          
  15          // utility functions
  16          void _mpuwdata(uint8_t d);          // write data to MPU
  17          void _mpuwcmd(uint8_t cmd);
  18          uint8_t _mpurdata();                // read data from MPU
  19          uint8_t _mpurcmd();
  20          //void _lcddata(uint8_t d);           // write data to MPU, wait for busy state to complete
  21          //void _lcdcmd(uint8_t d);
  22          void _busy();                       // wait on busy flag
  23          
  24          // global vars
  25          const uint8_t lcdrs = 0x02;
  26          const uint8_t lcdrw = 0x01;
  27          uint8_t pdata *lcdbase;
  28          uint8_t pdata *lcdwdata;
  29          uint8_t pdata *lcdwcmd;
  30          uint8_t pdata *lcdrdata;
  31          uint8_t pdata *lcdrcmd;
  32          
  33          // public functions
  34          void lcdinit() {
  35   1          // external memory config
  36   1          SFRPAGE = 0;
  37   1          EMI0CF = 0x34;                   //external interface on pins P7-P4
  38   1          EMI0CN  = 0xFF;                   //8-bit address reference off-chip memory
  39   1          SFRPAGE = 0x0F;
  40   1          P4MDOUT = 0xC0;                   //read and write control
  41   1          P6MDOUT = 0xFF;                   //address lines
  42   1          P7MDOUT = 0xFF;                   //data lines
  43   1      
  44   1          // external pointer config
  45   1          lcdbase  = 0xB4;
  46   1          lcdwdata = lcdbase + lcdrs;
  47   1          lcdwcmd  = lcdbase;
  48   1          lcdrdata = lcdbase + lcdrw + lcdrs;
  49   1          lcdrcmd  = lcdbase + lcdrw;
  50   1      
  51   1          // huh?
  52   1          _mpuwcmd(0x3C);
  53   1          delay_us(37);
  54   1          _mpuwcmd(0x0E);
  55   1      
C51 COMPILER V7.05   LCD                                                                   11/19/2012 17:13:56 PAGE 2   

  56   1          // set display on/off, cursor, and blinking.
  57   1          _lcdcmd(0x06);
  58   1          lcdclear();
  59   1      }
  60          
  61          void lcdwrite(uint8_t *str) {
  62   1          lcdwstr();
  63   1      }
  64          
  65          void lcdwritec(uint8_t code *str) {
  66   1          lcdwstr();
  67   1      }
  68          
  69          void lcdwritex(uint8_t xdata *str) {
  70   1          lcdwstr();
  71   1      }
  72          
  73          void lcdpos(uint8_t row, uint8_t col) {
  74   1          _lcdcmd((0x80 | ((row & 0x01) << 6) | (col & 0x0F))); //lulz
  75   1      }
  76          
  77          void lcdcursor(uint8_t mode) {
  78   1          _lcdcmd((0x0C | (mode & 0x0F))); //trololol
  79   1      }
  80          
  81          void lcdclear() {
  82   1          _lcdcmd(0x01);
  83   1      }
  84          
  85          // utility function definitions
  86          void _mpuwdata(uint8_t d) {
  87   1          *lcdwdata = d;
  88   1      }
  89          
  90          void _mpuwcmd(uint8_t cmd) {
  91   1          *lcdwcmd = cmd;
  92   1      }
  93          
  94          uint8_t _mpurdata() {
  95   1          return *lcdrdata;
  96   1      }
  97          
  98          uint8_t _mpurcmd() {
  99   1          return *lcdrcmd;
 100   1      }
 101          
 102          void _lcddata(uint8_t d) {
 103   1          _busy();
 104   1          _mpuwdata(d);
 105   1      }
 106          
 107          void _lcdcmd(uint8_t d) {
 108   1          _busy();
 109   1          _mpuwcmd(d);
 110   1      }
 111          
 112          void _busy() {
 113   1          while (_mpurcmd() & 0x80); //win
 114   1      }


MODULE INFORMATION:   STATIC OVERLAYABLE
C51 COMPILER V7.05   LCD                                                                   11/19/2012 17:13:56 PAGE 3   

   CODE SIZE        =    243    ----
   CONSTANT SIZE    =   ----    ----
   XDATA SIZE       =   ----    ----
   PDATA SIZE       =   ----    ----
   DATA SIZE        =      7       9
   IDATA SIZE       =   ----    ----
   BIT SIZE         =   ----    ----
END OF MODULE INFORMATION.


C51 COMPILATION COMPLETE.  0 WARNING(S),  0 ERROR(S)
