C51 COMPILER V7.05   SMBUSTEST                                                             11/19/2012 16:33:23 PAGE 1   


C51 COMPILER V7.05, COMPILATION OF MODULE SMBUSTEST
OBJECT MODULE PLACED IN SMBusTest.OBJ
COMPILER INVOKED BY: C:\SiLabs\MCU\IDEfiles\C51\BIN\C51.exe SMBusTest.c DB OE BR

stmt level    source

   1          #include <c8051F120.h>
   2          
   3          typedef unsigned char uint8;
   4          typedef unsigned short uint16;
   5          
   6          void kbinit(void);
   7          void dacinit(void);
   8          void dac2init(void);
   9          
  10          void smbus_setup (void);
  11          void smbus_send (uint16 eepromaddr, uint8 len, uint8 xdata * buffer);
  12          void smbus_receive (uint16 eepromaddr, uint8 len, uint8 xdata * buffer);
  13          
  14          static uint8 xdata SMBbuf[16];
  15          static uint8 xdata str1[] = "test string #1";
  16          static uint8 xdata str2[] = "smbus test";
  17          
  18          void smbus_init( void )
  19          {
  20   1      // YOUR INITIALIZATION CODE GOES HERE
  21   1        SFRPAGE = 0x0F; // enable SMBus on crossbar
  22   1        XBR0 |= 1;
  23   1        SFRPAGE = 0x00;
  24   1        SMB0CR = 0xC0;  // setup SMBus clock
  25   1        ENSMB = 1;      // enable SMBus module
  26   1        EIE1 |= 2;      // enable SMBus interrupt
  27   1      }
  28          
  29          void main(void)
  30          {
  31   1      
  32   1      // enable other hardware
  33   1        WDTCN = 0xde;
  34   1        WDTCN = 0xad;
  35   1        SFRPAGE = 0x0f;
  36   1        XBR2 = 0x40;
  37   1        XBR0 = 0x02;
  38   1        OSCICN = 0xc2;
  39   1        SFRPAGE = 0x00;
  40   1        SPI0CFG = 0x40;
  41   1        NSSMD1 = NSSMD0 = 0;
  42   1      
  43   1      // enable your other modules
  44   1      //  kbinit(  );
  45   1      //  dacinit(  );
  46   1      //  dac2init(  );
  47   1        smbus_init(  );
  48   1        smbus_setup( );
  49   1      
  50   1        EA = 1;
  51   1      
  52   1        // write two strings to FLASH, then read them back into buffer
  53   1        smbus_send (0x107, sizeof(str1), str1);
  54   1        smbus_send (0x9eb, sizeof(str2), str2);
  55   1        smbus_receive (0x107, sizeof(SMBbuf), SMBbuf);
C51 COMPILER V7.05   SMBUSTEST                                                             11/19/2012 16:33:23 PAGE 2   

  56   1        smbus_receive (0x9eb, sizeof(SMBbuf), SMBbuf);
  57   1        while (1) {}
  58   1      }


MODULE INFORMATION:   STATIC OVERLAYABLE
   CODE SIZE        =    108    ----
   CONSTANT SIZE    =   ----    ----
   XDATA SIZE       =     42    ----
   PDATA SIZE       =   ----    ----
   DATA SIZE        =   ----    ----
   IDATA SIZE       =   ----    ----
   BIT SIZE         =   ----    ----
END OF MODULE INFORMATION.


C51 COMPILATION COMPLETE.  0 WARNING(S),  0 ERROR(S)
