C51 COMPILER V9.50a   DELAY                                                                11/12/2012 12:10:59 PAGE 1   


C51 COMPILER V9.50a, COMPILATION OF MODULE DELAY
OBJECT MODULE PLACED IN delay.OBJ
COMPILER INVOKED BY: C:\Keil\C51\BIN\c51.exe delay.c DB OE BR INCDIR(C:\SiLabs\MCU\Inc)

line level    source

   1          #include "delay.h"
   2          
   3          void delay_ms(const double t) {
   4   1          const int cycles = (t * (1. / 1000.) * (double)CPUCLK) + 1;
   5   1      
   6   1          int i;
   7   1          for (i = 0; i <= cycles; ++i) {} // wait
   8   1      }
   9          
  10          void delay_us(const double t) {
  11   1          const int cycles = (t * (1. / 1000000.) * (double)CPUCLK) + 1;
  12   1      
  13   1          int i;
  14   1          for (i = 0; i <= cycles; ++i) {} // wait
  15   1      }


MODULE INFORMATION:   STATIC OVERLAYABLE
   CODE SIZE        =    127    ----
   CONSTANT SIZE    =   ----    ----
   XDATA SIZE       =   ----    ----
   PDATA SIZE       =   ----    ----
   DATA SIZE        =   ----       8
   IDATA SIZE       =   ----    ----
   BIT SIZE         =   ----    ----
END OF MODULE INFORMATION.


C51 COMPILATION COMPLETE.  0 WARNING(S),  0 ERROR(S)
